Archive member included because of file (symbol)

c:/program files (x86)/atmel/studio/7.0/toolchain/avr32/avr32-gnu-toolchain/bin/../lib/gcc/avr32/4.4.7/../../../../avr32/lib/ucr2\libc.a(lib_a-memcpy.o)
                              src/ASF/avr32/drivers/flashc/flashc.o (memcpy)

Discarded input sections

 .text          0x00000000        0x0 src/ASF/avr32/drivers/flashc/flashc.o
 .data          0x00000000        0x0 src/ASF/avr32/drivers/flashc/flashc.o
 .bss           0x00000000        0x0 src/ASF/avr32/drivers/flashc/flashc.o
 .debug_abbrev  0x00000000      0x47c src/ASF/avr32/drivers/flashc/flashc.o
 .debug_info    0x00000000     0x1fa2 src/ASF/avr32/drivers/flashc/flashc.o
 .debug_line    0x00000000     0x1574 src/ASF/avr32/drivers/flashc/flashc.o
 .debug_macinfo
                0x00000000   0x1194a3 src/ASF/avr32/drivers/flashc/flashc.o
 .text.flashc_get_flash_size
                0x00000000       0x34 src/ASF/avr32/drivers/flashc/flashc.o
 .text.flashc_get_page_count
                0x00000000       0x34 src/ASF/avr32/drivers/flashc/flashc.o
 .text.flashc_get_page_count_per_region
                0x00000000       0x10 src/ASF/avr32/drivers/flashc/flashc.o
 .text.flashc_get_page_region
                0x00000000       0x28 src/ASF/avr32/drivers/flashc/flashc.o
 .text.flashc_get_region_first_page_number
                0x00000000       0x14 src/ASF/avr32/drivers/flashc/flashc.o
 .text.flashc_get_wait_state
                0x00000000        0xc src/ASF/avr32/drivers/flashc/flashc.o
 .text.flashc_set_wait_state
                0x00000000        0xe src/ASF/avr32/drivers/flashc/flashc.o
 .text.flashc_set_bus_freq
                0x00000000       0x2e src/ASF/avr32/drivers/flashc/flashc.o
 .text.flashc_is_ready_int_enabled
                0x00000000        0xc src/ASF/avr32/drivers/flashc/flashc.o
 .text.flashc_enable_ready_int
                0x00000000        0xe src/ASF/avr32/drivers/flashc/flashc.o
 .text.flashc_is_lock_error_int_enabled
                0x00000000        0xc src/ASF/avr32/drivers/flashc/flashc.o
 .text.flashc_enable_lock_error_int
                0x00000000        0xe src/ASF/avr32/drivers/flashc/flashc.o
 .text.flashc_is_prog_error_int_enabled
                0x00000000        0xc src/ASF/avr32/drivers/flashc/flashc.o
 .text.flashc_enable_prog_error_int
                0x00000000        0xe src/ASF/avr32/drivers/flashc/flashc.o
 .text.flashc_is_ready
                0x00000000        0xc src/ASF/avr32/drivers/flashc/flashc.o
 .text.flashc_default_wait_until_ready
                0x00000000       0x14 src/ASF/avr32/drivers/flashc/flashc.o
 .text.flashc_is_lock_error
                0x00000000       0x10 src/ASF/avr32/drivers/flashc/flashc.o
 .text.flashc_is_programming_error
                0x00000000       0x10 src/ASF/avr32/drivers/flashc/flashc.o
 .text.flashc_get_command
                0x00000000        0xc src/ASF/avr32/drivers/flashc/flashc.o
 .text.flashc_get_page_number
                0x00000000        0xc src/ASF/avr32/drivers/flashc/flashc.o
 .text.flashc_issue_command
                0x00000000       0x48 src/ASF/avr32/drivers/flashc/flashc.o
 .text.flashc_no_operation
                0x00000000       0x10 src/ASF/avr32/drivers/flashc/flashc.o
 .text.flashc_erase_all
                0x00000000       0x10 src/ASF/avr32/drivers/flashc/flashc.o
 .text.flashc_is_security_bit_active
                0x00000000        0xc src/ASF/avr32/drivers/flashc/flashc.o
 .text.flashc_activate_security_bit
                0x00000000       0x10 src/ASF/avr32/drivers/flashc/flashc.o
 .text.flashc_get_bootloader_protected_size
                0x00000000       0x6c src/ASF/avr32/drivers/flashc/flashc.o
 .text.flashc_is_external_privileged_fetch_locked
                0x00000000       0x26 src/ASF/avr32/drivers/flashc/flashc.o
 .text.flashc_is_page_region_locked
                0x00000000       0x24 src/ASF/avr32/drivers/flashc/flashc.o
 .text.flashc_is_region_locked
                0x00000000       0x18 src/ASF/avr32/drivers/flashc/flashc.o
 .text.flashc_lock_page_region
                0x00000000       0x1c src/ASF/avr32/drivers/flashc/flashc.o
 .text.flashc_lock_region
                0x00000000       0x24 src/ASF/avr32/drivers/flashc/flashc.o
 .text.flashc_lock_all_regions
                0x00000000       0x2c src/ASF/avr32/drivers/flashc/flashc.o
 .text.flashc_read_gp_fuse_bit
                0x00000000       0x4c src/ASF/avr32/drivers/flashc/flashc.o
 .text.flashc_read_gp_fuse_bitfield
                0x00000000       0x80 src/ASF/avr32/drivers/flashc/flashc.o
 .text.flashc_read_gp_fuse_byte
                0x00000000       0x4a src/ASF/avr32/drivers/flashc/flashc.o
 .text.flashc_read_all_gp_fuses
                0x00000000       0x26 src/ASF/avr32/drivers/flashc/flashc.o
 .text.flashc_erase_gp_fuse_bit
                0x00000000       0x5c src/ASF/avr32/drivers/flashc/flashc.o
 .text.flashc_erase_gp_fuse_bitfield
                0x00000000       0xf0 src/ASF/avr32/drivers/flashc/flashc.o
 .text.flashc_erase_all_gp_fuses
                0x00000000       0x38 src/ASF/avr32/drivers/flashc/flashc.o
 .text.flashc_write_gp_fuse_bit
                0x00000000       0x18 src/ASF/avr32/drivers/flashc/flashc.o
 .text.flashc_write_gp_fuse_bitfield
                0x00000000       0x4c src/ASF/avr32/drivers/flashc/flashc.o
 .text.flashc_write_gp_fuse_byte
                0x00000000       0x18 src/ASF/avr32/drivers/flashc/flashc.o
 .text.flashc_erase_gp_fuse_byte
                0x00000000       0xb4 src/ASF/avr32/drivers/flashc/flashc.o
 .text.flashc_write_all_gp_fuses
                0x00000000       0x3c src/ASF/avr32/drivers/flashc/flashc.o
 .text.flashc_set_gp_fuse_bit
                0x00000000       0x1c src/ASF/avr32/drivers/flashc/flashc.o
 .text.flashc_lock_external_privileged_fetch
                0x00000000       0x18 src/ASF/avr32/drivers/flashc/flashc.o
 .text.flashc_set_gp_fuse_bitfield
                0x00000000       0x4c src/ASF/avr32/drivers/flashc/flashc.o
 .text.flashc_set_gp_fuse_byte
                0x00000000       0x54 src/ASF/avr32/drivers/flashc/flashc.o
 .text.flashc_set_all_gp_fuses
                0x00000000       0x58 src/ASF/avr32/drivers/flashc/flashc.o
 .text.flashc_clear_page_buffer
                0x00000000       0x10 src/ASF/avr32/drivers/flashc/flashc.o
 .text.flashc_is_page_erased
                0x00000000        0xc src/ASF/avr32/drivers/flashc/flashc.o
 .text.flashc_quick_page_read
                0x00000000       0x1c src/ASF/avr32/drivers/flashc/flashc.o
 .text.flashc_erase_page
                0x00000000       0x38 src/ASF/avr32/drivers/flashc/flashc.o
 .text.flashc_erase_all_pages
                0x00000000       0x48 src/ASF/avr32/drivers/flashc/flashc.o
 .text.flashc_write_page
                0x00000000       0x10 src/ASF/avr32/drivers/flashc/flashc.o
 .text.flashc_quick_user_page_read
                0x00000000       0x1c src/ASF/avr32/drivers/flashc/flashc.o
 .text.flashc_erase_user_page
                0x00000000       0x28 src/ASF/avr32/drivers/flashc/flashc.o
 .text.flashc_write_user_page
                0x00000000       0x10 src/ASF/avr32/drivers/flashc/flashc.o
 .text.flashc_memset64
                0x00000000      0x294 src/ASF/avr32/drivers/flashc/flashc.o
 .text.flashc_memset32
                0x00000000       0x24 src/ASF/avr32/drivers/flashc/flashc.o
 .text.flashc_memset16
                0x00000000       0x10 src/ASF/avr32/drivers/flashc/flashc.o
 .text.flashc_memset8
                0x00000000       0x14 src/ASF/avr32/drivers/flashc/flashc.o
 .text.flashc_memcpy
                0x00000000      0x104 src/ASF/avr32/drivers/flashc/flashc.o
 .text.flashc_set_bootloader_protected_size
                0x00000000       0xb0 src/ASF/avr32/drivers/flashc/flashc.o
 .data.flashc_wait_until_ready
                0x00000000        0x4 src/ASF/avr32/drivers/flashc/flashc.o
 .bss.flashc_error_status
                0x00000000        0x4 src/ASF/avr32/drivers/flashc/flashc.o
 .rodata.C.34.13038
                0x00000000       0x10 src/ASF/avr32/drivers/flashc/flashc.o
 .debug_frame   0x00000000      0x6bc src/ASF/avr32/drivers/flashc/flashc.o
 .debug_loc     0x00000000     0x122c src/ASF/avr32/drivers/flashc/flashc.o
 .debug_pubnames
                0x00000000      0x771 src/ASF/avr32/drivers/flashc/flashc.o
 .debug_aranges
                0x00000000      0x218 src/ASF/avr32/drivers/flashc/flashc.o
 .debug_ranges  0x00000000      0x3d8 src/ASF/avr32/drivers/flashc/flashc.o
 .debug_str     0x00000000      0xc3d src/ASF/avr32/drivers/flashc/flashc.o
 .comment       0x00000000       0x31 src/ASF/avr32/drivers/flashc/flashc.o
 .text          0x00000000        0x0 src/ASF/common/services/clock/uc3a3_a4/sysclk.o
 .data          0x00000000        0x0 src/ASF/common/services/clock/uc3a3_a4/sysclk.o
 .bss           0x00000000        0x0 src/ASF/common/services/clock/uc3a3_a4/sysclk.o
 .text.sysclk_priv_disable_module
                0x00000000       0x30 src/ASF/common/services/clock/uc3a3_a4/sysclk.o
 .text.sysclk_disable_pbb_module
                0x00000000       0x50 src/ASF/common/services/clock/uc3a3_a4/sysclk.o
 .text.sysclk_disable_usb
                0x00000000       0x24 src/ASF/common/services/clock/uc3a3_a4/sysclk.o
 .text.sysclk_priv_enable_module
                0x00000000       0x2e src/ASF/common/services/clock/uc3a3_a4/sysclk.o
 .text.sysclk_enable_pbb_module
                0x00000000       0x50 src/ASF/common/services/clock/uc3a3_a4/sysclk.o
 .text.sysclk_enable_usb
                0x00000000       0x64 src/ASF/common/services/clock/uc3a3_a4/sysclk.o
 .bss.sysclk_bus_refcount
                0x00000000        0x4 src/ASF/common/services/clock/uc3a3_a4/sysclk.o
 .text          0x00000000        0x0 src/ASF/avr32/boards/uc3_a3_xplained/init.o
 .data          0x00000000        0x0 src/ASF/avr32/boards/uc3_a3_xplained/init.o
 .bss           0x00000000        0x0 src/ASF/avr32/boards/uc3_a3_xplained/init.o
 .text          0x00000000        0x0 src/ASF/avr32/boards/uc3_a3_xplained/led.o
 .data          0x00000000        0x0 src/ASF/avr32/boards/uc3_a3_xplained/led.o
 .bss           0x00000000        0x0 src/ASF/avr32/boards/uc3_a3_xplained/led.o
 .debug_abbrev  0x00000000      0x209 src/ASF/avr32/boards/uc3_a3_xplained/led.o
 .debug_info    0x00000000      0x746 src/ASF/avr32/boards/uc3_a3_xplained/led.o
 .debug_line    0x00000000      0x96d src/ASF/avr32/boards/uc3_a3_xplained/led.o
 .debug_macinfo
                0x00000000   0x11a5d7 src/ASF/avr32/boards/uc3_a3_xplained/led.o
 .text.LED_Read_Display
                0x00000000        0xc src/ASF/avr32/boards/uc3_a3_xplained/led.o
 .text.LED_Display
                0x00000000       0x54 src/ASF/avr32/boards/uc3_a3_xplained/led.o
 .text.LED_Read_Display_Mask
                0x00000000        0xc src/ASF/avr32/boards/uc3_a3_xplained/led.o
 .text.LED_Test
                0x00000000       0x10 src/ASF/avr32/boards/uc3_a3_xplained/led.o
 .text.LED_Get_Intensity
                0x00000000        0x2 src/ASF/avr32/boards/uc3_a3_xplained/led.o
 .text.LED_Set_Intensity
                0x00000000        0x2 src/ASF/avr32/boards/uc3_a3_xplained/led.o
 .text.LED_Read_Display_Field
                0x00000000       0x18 src/ASF/avr32/boards/uc3_a3_xplained/led.o
 .text.LED_Toggle
                0x00000000       0x50 src/ASF/avr32/boards/uc3_a3_xplained/led.o
 .text.LED_On   0x00000000       0x50 src/ASF/avr32/boards/uc3_a3_xplained/led.o
 .text.LED_Off  0x00000000       0x54 src/ASF/avr32/boards/uc3_a3_xplained/led.o
 .text.LED_Display_Mask
                0x00000000       0x74 src/ASF/avr32/boards/uc3_a3_xplained/led.o
 .text.LED_Display_Field
                0x00000000       0x18 src/ASF/avr32/boards/uc3_a3_xplained/led.o
 .data.LED_State
                0x00000000        0x4 src/ASF/avr32/boards/uc3_a3_xplained/led.o
 .rodata.LED_DESCRIPTOR
                0x00000000       0x40 src/ASF/avr32/boards/uc3_a3_xplained/led.o
 .debug_frame   0x00000000       0xe0 src/ASF/avr32/boards/uc3_a3_xplained/led.o
 .debug_loc     0x00000000      0x10a src/ASF/avr32/boards/uc3_a3_xplained/led.o
 .debug_pubnames
                0x00000000       0xf6 src/ASF/avr32/boards/uc3_a3_xplained/led.o
 .debug_aranges
                0x00000000       0x78 src/ASF/avr32/boards/uc3_a3_xplained/led.o
 .debug_ranges  0x00000000       0x70 src/ASF/avr32/boards/uc3_a3_xplained/led.o
 .debug_str     0x00000000      0x371 src/ASF/avr32/boards/uc3_a3_xplained/led.o
 .comment       0x00000000       0x31 src/ASF/avr32/boards/uc3_a3_xplained/led.o
 .text          0x00000000        0x0 src/ASF/avr32/drivers/gpio/gpio.o
 .data          0x00000000        0x0 src/ASF/avr32/drivers/gpio/gpio.o
 .bss           0x00000000        0x0 src/ASF/avr32/drivers/gpio/gpio.o
 .text.gpio_enable_gpio
                0x00000000       0x2a src/ASF/avr32/drivers/gpio/gpio.o
 .text.gpio_enable_gpio_pin
                0x00000000       0x16 src/ASF/avr32/drivers/gpio/gpio.o
 .text.gpio_enable_pin_pull_up
                0x00000000       0x14 src/ASF/avr32/drivers/gpio/gpio.o
 .text.gpio_disable_pin_pull_up
                0x00000000       0x14 src/ASF/avr32/drivers/gpio/gpio.o
 .text.gpio_configure_group
                0x00000000       0x6e src/ASF/avr32/drivers/gpio/gpio.o
 .text.gpio_get_pin_value
                0x00000000       0x16 src/ASF/avr32/drivers/gpio/gpio.o
 .text.gpio_get_gpio_pin_output_value
                0x00000000       0x16 src/ASF/avr32/drivers/gpio/gpio.o
 .text.gpio_get_gpio_open_drain_pin_output_value
                0x00000000       0x1a src/ASF/avr32/drivers/gpio/gpio.o
 .text.gpio_set_gpio_pin
                0x00000000       0x1a src/ASF/avr32/drivers/gpio/gpio.o
 .text.gpio_set_pin_high
                0x00000000       0x14 src/ASF/avr32/drivers/gpio/gpio.o
 .text.gpio_set_group_high
                0x00000000        0xc src/ASF/avr32/drivers/gpio/gpio.o
 .text.gpio_clr_gpio_pin
                0x00000000       0x1a src/ASF/avr32/drivers/gpio/gpio.o
 .text.gpio_set_group_low
                0x00000000        0xc src/ASF/avr32/drivers/gpio/gpio.o
 .text.gpio_tgl_gpio_pin
                0x00000000       0x1a src/ASF/avr32/drivers/gpio/gpio.o
 .text.gpio_toggle_group
                0x00000000        0xc src/ASF/avr32/drivers/gpio/gpio.o
 .text.gpio_set_gpio_open_drain_pin
                0x00000000       0x16 src/ASF/avr32/drivers/gpio/gpio.o
 .text.gpio_clr_gpio_open_drain_pin
                0x00000000       0x1a src/ASF/avr32/drivers/gpio/gpio.o
 .text.gpio_tgl_gpio_open_drain_pin
                0x00000000       0x1a src/ASF/avr32/drivers/gpio/gpio.o
 .text.gpio_enable_pin_glitch_filter
                0x00000000       0x14 src/ASF/avr32/drivers/gpio/gpio.o
 .text.gpio_disable_pin_glitch_filter
                0x00000000       0x14 src/ASF/avr32/drivers/gpio/gpio.o
 .text.gpio_enable_pin_interrupt
                0x00000000       0x4a src/ASF/avr32/drivers/gpio/gpio.o
 .text.gpio_disable_pin_interrupt
                0x00000000       0x14 src/ASF/avr32/drivers/gpio/gpio.o
 .text.gpio_get_pin_interrupt_flag
                0x00000000       0x18 src/ASF/avr32/drivers/gpio/gpio.o
 .text.gpio_clear_pin_interrupt_flag
                0x00000000       0x14 src/ASF/avr32/drivers/gpio/gpio.o
 .text          0x00000000        0x0 src/ASF/avr32/drivers/intc/exception.o
 .data          0x00000000        0x0 src/ASF/avr32/drivers/intc/exception.o
 .bss           0x00000000        0x0 src/ASF/avr32/drivers/intc/exception.o
 .text          0x00000000        0x0 src/ASF/avr32/drivers/intc/intc.o
 .data          0x00000000        0x0 src/ASF/avr32/drivers/intc/intc.o
 .bss           0x00000000        0x0 src/ASF/avr32/drivers/intc/intc.o
 .text._unhandled_interrupt
                0x00000000        0x2 src/ASF/avr32/drivers/intc/intc.o
 .text.INTC_register_interrupt
                0x00000000       0x88 src/ASF/avr32/drivers/intc/intc.o
 .text.INTC_init_interrupts
                0x00000000       0x50 src/ASF/avr32/drivers/intc/intc.o
 .text          0x00000000        0x0 src/ASF/avr32/utils/startup/startup_uc3.o
 .data          0x00000000        0x0 src/ASF/avr32/utils/startup/startup_uc3.o
 .bss           0x00000000        0x0 src/ASF/avr32/utils/startup/startup_uc3.o
 .text          0x00000000        0x0 src/ASF/avr32/utils/startup/trampoline_uc3.o
 .data          0x00000000        0x0 src/ASF/avr32/utils/startup/trampoline_uc3.o
 .bss           0x00000000        0x0 src/ASF/avr32/utils/startup/trampoline_uc3.o
 .text          0x00000000        0x0 src/main.o
 .data          0x00000000        0x0 src/main.o
 .bss           0x00000000        0x0 src/main.o
 .text          0x00000000      0x148 c:/program files (x86)/atmel/studio/7.0/toolchain/avr32/avr32-gnu-toolchain/bin/../lib/gcc/avr32/4.4.7/../../../../avr32/lib/ucr2\libc.a(lib_a-memcpy.o)
 .data          0x00000000        0x0 c:/program files (x86)/atmel/studio/7.0/toolchain/avr32/avr32-gnu-toolchain/bin/../lib/gcc/avr32/4.4.7/../../../../avr32/lib/ucr2\libc.a(lib_a-memcpy.o)
 .bss           0x00000000        0x0 c:/program files (x86)/atmel/studio/7.0/toolchain/avr32/avr32-gnu-toolchain/bin/../lib/gcc/avr32/4.4.7/../../../../avr32/lib/ucr2\libc.a(lib_a-memcpy.o)

Memory Configuration

Name             Origin             Length             Attributes
FLASH            0x80000000         0x00040000         axrl !w
INTRAM           0x00000004         0x0000fffc         axw !rl
HRAM0            0xff000000         0x00008000         axw !rl
HRAM1            0xff008000         0x00008000         axw !rl
USERPAGE         0x80800000         0x00000200
*default*        0x00000000         0xffffffff

Linker script and memory map

                0x00001000                _stack_size = 0x1000
LOAD src/ASF/avr32/drivers/flashc/flashc.o
LOAD src/ASF/common/services/clock/uc3a3_a4/sysclk.o
LOAD src/ASF/avr32/boards/uc3_a3_xplained/init.o
LOAD src/ASF/avr32/boards/uc3_a3_xplained/led.o
LOAD src/ASF/avr32/drivers/gpio/gpio.o
LOAD src/ASF/avr32/drivers/intc/exception.o
LOAD src/ASF/avr32/drivers/intc/intc.o
LOAD src/ASF/avr32/utils/startup/startup_uc3.o
LOAD src/ASF/avr32/utils/startup/trampoline_uc3.o
LOAD src/main.o
START GROUP
LOAD c:/program files (x86)/atmel/studio/7.0/toolchain/avr32/avr32-gnu-toolchain/bin/../lib/gcc/avr32/4.4.7/../../../../avr32/lib/ucr2\libm.a
END GROUP
LOAD c:/program files (x86)/atmel/studio/7.0/toolchain/avr32/avr32-gnu-toolchain/bin/../lib/gcc/avr32/4.4.7/ucr2\libgcc.a
LOAD c:/program files (x86)/atmel/studio/7.0/toolchain/avr32/avr32-gnu-toolchain/bin/../lib/gcc/avr32/4.4.7/../../../../avr32/lib/ucr2\libc.a
LOAD c:/program files (x86)/atmel/studio/7.0/toolchain/avr32/avr32-gnu-toolchain/bin/../lib/gcc/avr32/4.4.7/ucr2\libgcc.a
                0xffffffff                __max_heap_size__ = 0xffffffff
                [0xffffffff]                __heap_size__ = DEFINED (__heap_size__)?__heap_size__:__max_heap_size__
                [0x00001000]                __stack_size__ = DEFINED (__stack_size__)?__stack_size__:0x1000
                0x80000000                PROVIDE (__executable_start, 0x80000000)
                0x80000000                . = 0x80000000

.interp
 *(.interp)

.reset          0x80000000     0x2008
 *(.reset)
 .reset         0x80000000        0x4 src/ASF/avr32/utils/startup/startup_uc3.o
                                  0x8 (size before relaxing)
                0x80000000                _start
 .reset         0x80000004     0x2004 src/ASF/avr32/utils/startup/trampoline_uc3.o
                               0x2008 (size before relaxing)
                0x80000004                _trampoline

.hash
 *(.hash)

.dynsym
 *(.dynsym)

.dynstr
 *(.dynstr)

.gnu.version
 *(.gnu.version)

.gnu.version_d
 *(.gnu.version_d)

.gnu.version_r
 *(.gnu.version_r)

.rel.init
 *(.rel.init)

.rela.init
 *(.rela.init)

.rel.text
 *(.rel.text .rel.text.* .rel.gnu.linkonce.t.*)

.rela.text
 *(.rela.text .rela.text.* .rela.gnu.linkonce.t.*)

.rel.fini
 *(.rel.fini)

.rela.fini
 *(.rela.fini)

.rel.rodata
 *(.rel.rodata .rel.rodata.* .rel.gnu.linkonce.r.*)

.rela.rodata
 *(.rela.rodata .rela.rodata.* .rela.gnu.linkonce.r.*)

.rel.data.rel.ro
 *(.rel.data.rel.ro*)

.rela.data.rel.ro
 *(.rel.data.rel.ro*)

.rel.data
 *(.rel.data .rel.data.* .rel.gnu.linkonce.d.*)

.rela.data
 *(.rela.data .rela.data.* .rela.gnu.linkonce.d.*)

.rel.tdata
 *(.rel.tdata .rel.tdata.* .rel.gnu.linkonce.td.*)

.rela.tdata
 *(.rela.tdata .rela.tdata.* .rela.gnu.linkonce.td.*)

.rel.tbss
 *(.rel.tbss .rel.tbss.* .rel.gnu.linkonce.tb.*)

.rela.tbss
 *(.rela.tbss .rela.tbss.* .rela.gnu.linkonce.tb.*)

.rel.ctors
 *(.rel.ctors)

.rela.ctors
 *(.rela.ctors)

.rel.dtors
 *(.rel.dtors)

.rela.dtors
 *(.rela.dtors)

.rel.got
 *(.rel.got)

.rela.got       0x80002008        0x0
 *(.rela.got)
 .rela.got      0x80002008        0x0 src/ASF/avr32/drivers/flashc/flashc.o

.rel.bss
 *(.rel.bss .rel.bss.* .rel.gnu.linkonce.b.*)

.rela.bss
 *(.rela.bss .rela.bss.* .rela.gnu.linkonce.b.*)

.rel.plt
 *(.rel.plt)

.rela.plt
 *(.rela.plt)

.init
 *(.init)

.plt
 *(.plt)

.text           0x80002008      0x238
 *(.text .stub .text.* .gnu.linkonce.t.*)
 .text.sysclk_init
                0x80002008        0x2 src/ASF/common/services/clock/uc3a3_a4/sysclk.o
                0x80002008                sysclk_init
 *fill*         0x8000200a        0x2 d703d703
 .text.board_init
                0x8000200c       0x54 src/ASF/avr32/boards/uc3_a3_xplained/init.o
                                 0x74 (size before relaxing)
                0x8000200c                board_init
 .text.gpio_enable_module_pin
                0x80002060       0x50 src/ASF/avr32/drivers/gpio/gpio.o
                0x80002060                gpio_enable_module_pin
 .text.gpio_enable_module
                0x800020b0       0x28 src/ASF/avr32/drivers/gpio/gpio.o
                                 0x30 (size before relaxing)
                0x800020b0                gpio_enable_module
 .text.gpio_configure_pin
                0x800020d8       0x80 src/ASF/avr32/drivers/gpio/gpio.o
                0x800020d8                gpio_configure_pin
 .text.gpio_set_pin_low
                0x80002158       0x14 src/ASF/avr32/drivers/gpio/gpio.o
                0x80002158                gpio_set_pin_low
 .text.gpio_toggle_pin
                0x8000216c       0x14 src/ASF/avr32/drivers/gpio/gpio.o
                0x8000216c                gpio_toggle_pin
 .text._get_interrupt_handler
                0x80002180       0x34 src/ASF/avr32/drivers/intc/intc.o
                                 0x38 (size before relaxing)
                0x80002180                _get_interrupt_handler
 .text._stext   0x800021b4       0x3c src/ASF/avr32/utils/startup/startup_uc3.o
                                 0x50 (size before relaxing)
                0x800021b4                _stext
 .text.main     0x800021f0       0x50 src/main.o
                                 0x70 (size before relaxing)
                0x800021f0                main
 *(.text.*personality*)
 *(.gnu.warning)

.exception      0x80002400      0x200
 .exception     0x80002400      0x200 src/ASF/avr32/drivers/intc/exception.o
                0x80002400                _evba
                0x80002504                _int0
                0x80002510                _int1
                0x8000251c                _int2
                0x80002528                _int3

.fini
 *(.fini)
                0x80002600                PROVIDE (__etext, .)
                0x80002600                PROVIDE (_etext, .)
                0x80002600                PROVIDE (etext, .)

.rodata         0x80002600      0x130
 *(.rodata .rodata.* .gnu.linkonce.r.*)
 .rodata.COMPORT_GPIO_MAP.13079
                0x80002600       0x10 src/ASF/avr32/boards/uc3_a3_xplained/init.o
 .rodata.AT45DBX_SPI_GPIO_MAP.13080
                0x80002610       0x20 src/ASF/avr32/boards/uc3_a3_xplained/init.o
 .rodata.C.44.13081
                0x80002630       0x10 src/ASF/avr32/boards/uc3_a3_xplained/init.o
 .rodata._int_handler_table
                0x80002640       0xf0 src/ASF/avr32/drivers/intc/intc.o

.rodata1
 *(.rodata1)

.eh_frame_hdr
 *(.eh_frame_hdr)

.eh_frame
 *(.eh_frame)

.gcc_except_table
 *(.gcc_except_table)
 *(.gcc_except_table.*)

.lalign         0x80002730        0x0
                0x80002730                . = ALIGN (0x8)
                0x80002730                PROVIDE (_data_lma, .)
                0x00000004                . = ORIGIN (INTRAM)

.dalign         0x00000004        0x4
                0x00000008                . = ALIGN (0x8)
 *fill*         0x00000004        0x4 
                0x00000008                PROVIDE (_data, .)

.eh_frame
 *(.eh_frame)

.gcc_except_table
 *(.gcc_except_table)
 *(.gcc_except_table.*)

.tdata
 *(.tdata .tdata.* .gnu.linkonce.td.*)

.tbss
 *(.tbss .tbss.* .gnu.linkonce.tb.*)
 *(.tcommon)
                0x00000008                PROVIDE (__preinit_array_start, ALIGN (0x4))

.preinit_array
 *(.preinit_array)
                0x00000008                PROVIDE (__preinit_array_end, .)
                0x00000008                PROVIDE (__init_array_start, .)

.init_array
 *(.init_array)
                0x00000008                PROVIDE (__init_array_end, .)
                0x00000008                PROVIDE (__fini_array_start, .)

.fini_array
 *(.fini_array)
                0x00000008                PROVIDE (__fini_array_end, .)

.ctors
 *crtbegin*.o(.ctors)
 *(EXCLUDE_FILE(*crtend*.o) .ctors)
 *(SORT(.ctors.*))
 *(.ctors)

.dtors
 *crtbegin*.o(.dtors)
 *(EXCLUDE_FILE(*crtend*.o) .dtors)
 *(SORT(.dtors.*))
 *(.dtors)

.jcr
 *(.jcr)

.data.rel.ro
 *(.data.rel.ro.local)
 *(.data.rel.ro*)

.dynamic
 *(.dynamic)

.got
 *(.got.plt)
 *(.got)

.ramtext
 *(.ramtext .ramtext.*)

.ddalign        0x00000008        0x0 load address 0x80002730
                0x00000008                . = ALIGN (0x8)

.data
 *(.data .data.* .gnu.linkonce.d.*)
 *(.gnu.linkonce.d.*personality*)

.data1
 *(.data1)

.balign         0x00000008        0x0 load address 0x80002730
                0x00000008                . = ALIGN (0x8)
                0x00000008                PROVIDE (_edata, .)
                0x00000008                PROVIDE (edata, .)
                0x00000008                __bss_start = .

.bss            0x00000008      0x110
 *(.dynbss)
 *(.bss .bss.* .gnu.linkonce.b.*)
 .bss._int_line_handler_table_0
                0x00000008        0x4 src/ASF/avr32/drivers/intc/intc.o
 .bss._int_line_handler_table_1
                0x0000000c       0x28 src/ASF/avr32/drivers/intc/intc.o
 .bss._int_line_handler_table_2
                0x00000034       0x38 src/ASF/avr32/drivers/intc/intc.o
 .bss._int_line_handler_table_21
                0x0000006c        0x4 src/ASF/avr32/drivers/intc/intc.o
 .bss._int_line_handler_table_22
                0x00000070       0x14 src/ASF/avr32/drivers/intc/intc.o
 .bss._int_line_handler_table_23
                0x00000084        0x4 src/ASF/avr32/drivers/intc/intc.o
 .bss._int_line_handler_table_16
                0x00000088        0xc src/ASF/avr32/drivers/intc/intc.o
 .bss._int_line_handler_table_10
                0x00000094        0x4 src/ASF/avr32/drivers/intc/intc.o
 .bss._int_line_handler_table_11
                0x00000098        0x4 src/ASF/avr32/drivers/intc/intc.o
 .bss._int_line_handler_table_12
                0x0000009c        0x4 src/ASF/avr32/drivers/intc/intc.o
 .bss._int_line_handler_table_13
                0x000000a0        0x4 src/ASF/avr32/drivers/intc/intc.o
 .bss._int_line_handler_table_14
                0x000000a4        0xc src/ASF/avr32/drivers/intc/intc.o
 .bss._int_line_handler_table_15
                0x000000b0        0x4 src/ASF/avr32/drivers/intc/intc.o
 .bss._int_line_handler_table_20
                0x000000b4        0x4 src/ASF/avr32/drivers/intc/intc.o
 .bss._int_line_handler_table_17
                0x000000b8        0x4 src/ASF/avr32/drivers/intc/intc.o
 .bss._int_line_handler_table_18
                0x000000bc        0x4 src/ASF/avr32/drivers/intc/intc.o
 .bss._int_line_handler_table_19
                0x000000c0        0x4 src/ASF/avr32/drivers/intc/intc.o
 .bss._int_line_handler_table_3
                0x000000c4       0x20 src/ASF/avr32/drivers/intc/intc.o
 .bss._int_line_handler_table_4
                0x000000e4        0x4 src/ASF/avr32/drivers/intc/intc.o
 .bss._int_line_handler_table_5
                0x000000e8        0x4 src/ASF/avr32/drivers/intc/intc.o
 .bss._int_line_handler_table_6
                0x000000ec        0x4 src/ASF/avr32/drivers/intc/intc.o
 .bss._int_line_handler_table_7
                0x000000f0        0x4 src/ASF/avr32/drivers/intc/intc.o
 .bss._int_line_handler_table_8
                0x000000f4        0x4 src/ASF/avr32/drivers/intc/intc.o
 .bss._int_line_handler_table_9
                0x000000f8        0x4 src/ASF/avr32/drivers/intc/intc.o
 .bss._int_line_handler_table_24
                0x000000fc        0x4 src/ASF/avr32/drivers/intc/intc.o
 .bss._int_line_handler_table_26
                0x00000100        0x4 src/ASF/avr32/drivers/intc/intc.o
 .bss._int_line_handler_table_25
                0x00000104        0x4 src/ASF/avr32/drivers/intc/intc.o
 .bss._int_line_handler_table_27
                0x00000108        0x4 src/ASF/avr32/drivers/intc/intc.o
 .bss._int_line_handler_table_28
                0x0000010c        0x4 src/ASF/avr32/drivers/intc/intc.o
 .bss._int_line_handler_table_29
                0x00000110        0x4 src/ASF/avr32/drivers/intc/intc.o
 *(COMMON)
                0x00000118                . = ALIGN (0x8)
 *fill*         0x00000114        0x4 
                0x00000118                . = ALIGN (0x8)
                0x00000118                _end = .
                0x00000118                PROVIDE (end, .)
                0x00000118                __heap_start__ = ALIGN (0x8)

.heap           0x00000118     0xeee8
 *(.heap)
                0x0000eee8                . = (__heap_size__ == __max_heap_size__)?(((ORIGIN (INTRAM) + 0xfffc) - __stack_size__) - ABSOLUTE (.)):__heap_size__
 *fill*         0x00000118     0xeee8 
                0x0000f000                __heap_end__ = .

.stab
 *(.stab)

.stabstr
 *(.stabstr)

.stab.excl
 *(.stab.excl)

.stab.exclstr
 *(.stab.exclstr)

.stab.index
 *(.stab.index)

.stab.indexstr
 *(.stab.indexstr)

.comment        0x00000000       0x30
 *(.comment)
 .comment       0x00000000       0x30 src/ASF/common/services/clock/uc3a3_a4/sysclk.o
                                 0x31 (size before relaxing)
 .comment       0x00000000       0x31 src/ASF/avr32/boards/uc3_a3_xplained/init.o
 .comment       0x00000000       0x31 src/ASF/avr32/drivers/gpio/gpio.o
 .comment       0x00000000       0x31 src/ASF/avr32/drivers/intc/intc.o
 .comment       0x00000000       0x31 src/main.o

.debug
 *(.debug)

.line
 *(.line)

.debug_srcinfo
 *(.debug_srcinfo)

.debug_sfnames
 *(.debug_sfnames)

.debug_aranges  0x00000000      0x230
 *(.debug_aranges)
 .debug_aranges
                0x00000000       0x50 src/ASF/common/services/clock/uc3a3_a4/sysclk.o
 .debug_aranges
                0x00000050       0x20 src/ASF/avr32/boards/uc3_a3_xplained/init.o
 .debug_aranges
                0x00000070      0x100 src/ASF/avr32/drivers/gpio/gpio.o
 .debug_aranges
                0x00000170       0x20 src/ASF/avr32/drivers/intc/exception.o
 .debug_aranges
                0x00000190       0x38 src/ASF/avr32/drivers/intc/intc.o
 .debug_aranges
                0x000001c8       0x28 src/ASF/avr32/utils/startup/startup_uc3.o
 .debug_aranges
                0x000001f0       0x20 src/ASF/avr32/utils/startup/trampoline_uc3.o
 .debug_aranges
                0x00000210       0x20 src/main.o

.debug_pubnames
                0x00000000      0x495
 *(.debug_pubnames)
 .debug_pubnames
                0x00000000       0xc7 src/ASF/common/services/clock/uc3a3_a4/sysclk.o
 .debug_pubnames
                0x000000c7       0x21 src/ASF/avr32/boards/uc3_a3_xplained/init.o
 .debug_pubnames
                0x000000e8      0x330 src/ASF/avr32/drivers/gpio/gpio.o
 .debug_pubnames
                0x00000418       0x62 src/ASF/avr32/drivers/intc/intc.o
 .debug_pubnames
                0x0000047a       0x1b src/main.o

.debug_info     0x00000000     0x2c61
 *(.debug_info .gnu.linkonce.wi.*)
 .debug_info    0x00000000     0x1574 src/ASF/common/services/clock/uc3a3_a4/sysclk.o
 .debug_info    0x00001574      0x13c src/ASF/avr32/boards/uc3_a3_xplained/init.o
 .debug_info    0x000016b0      0xb4e src/ASF/avr32/drivers/gpio/gpio.o
 .debug_info    0x000021fe       0x88 src/ASF/avr32/drivers/intc/exception.o
 .debug_info    0x00002286      0x69d src/ASF/avr32/drivers/intc/intc.o
 .debug_info    0x00002923       0x87 src/ASF/avr32/utils/startup/startup_uc3.o
 .debug_info    0x000029aa       0x8e src/ASF/avr32/utils/startup/trampoline_uc3.o
 .debug_info    0x00002a38      0x229 src/main.o

.debug_abbrev   0x00000000      0xa02
 *(.debug_abbrev)
 .debug_abbrev  0x00000000      0x317 src/ASF/common/services/clock/uc3a3_a4/sysclk.o
 .debug_abbrev  0x00000317       0xae src/ASF/avr32/boards/uc3_a3_xplained/init.o
 .debug_abbrev  0x000003c5      0x2f5 src/ASF/avr32/drivers/gpio/gpio.o
 .debug_abbrev  0x000006ba       0x14 src/ASF/avr32/drivers/intc/exception.o
 .debug_abbrev  0x000006ce      0x1f2 src/ASF/avr32/drivers/intc/intc.o
 .debug_abbrev  0x000008c0       0x12 src/ASF/avr32/utils/startup/startup_uc3.o
 .debug_abbrev  0x000008d2       0x14 src/ASF/avr32/utils/startup/trampoline_uc3.o
 .debug_abbrev  0x000008e6      0x11c src/main.o

.debug_line     0x00000000     0x3100
 *(.debug_line)
 .debug_line    0x00000000      0xa48 src/ASF/common/services/clock/uc3a3_a4/sysclk.o
 .debug_line    0x00000a48      0x766 src/ASF/avr32/boards/uc3_a3_xplained/init.o
 .debug_line    0x000011ae      0xcec src/ASF/avr32/drivers/gpio/gpio.o
 .debug_line    0x00001e9a      0x109 src/ASF/avr32/drivers/intc/exception.o
 .debug_line    0x00001fa3      0x732 src/ASF/avr32/drivers/intc/intc.o
 .debug_line    0x000026d5       0xf2 src/ASF/avr32/utils/startup/startup_uc3.o
 .debug_line    0x000027c7       0x67 src/ASF/avr32/utils/startup/trampoline_uc3.o
 .debug_line    0x0000282e      0x8d2 src/main.o

.debug_frame    0x00000000      0x364
 *(.debug_frame)
 .debug_frame   0x00000000       0xb0 src/ASF/common/services/clock/uc3a3_a4/sysclk.o
 .debug_frame   0x000000b0       0x30 src/ASF/avr32/boards/uc3_a3_xplained/init.o
 .debug_frame   0x000000e0      0x1fc src/ASF/avr32/drivers/gpio/gpio.o
 .debug_frame   0x000002dc       0x60 src/ASF/avr32/drivers/intc/intc.o
 .debug_frame   0x0000033c       0x28 src/main.o

.debug_str      0x00000000     0x10ae
 *(.debug_str)
 .debug_str     0x00000000      0x6bd src/ASF/common/services/clock/uc3a3_a4/sysclk.o
                                0x721 (size before relaxing)
 .debug_str     0x000006bd       0x76 src/ASF/avr32/boards/uc3_a3_xplained/init.o
                                0x15d (size before relaxing)
 .debug_str     0x00000733      0x41f src/ASF/avr32/drivers/gpio/gpio.o
                                0x524 (size before relaxing)
 .debug_str     0x00000b52      0x48b src/ASF/avr32/drivers/intc/intc.o
                                0x586 (size before relaxing)
 .debug_str     0x00000fdd       0xd1 src/main.o
                                0x1c1 (size before relaxing)

.debug_loc      0x00000000      0x5f4
 *(.debug_loc)
 .debug_loc     0x00000000      0x12d src/ASF/common/services/clock/uc3a3_a4/sysclk.o
 .debug_loc     0x0000012d       0x2b src/ASF/avr32/boards/uc3_a3_xplained/init.o
 .debug_loc     0x00000158      0x3d6 src/ASF/avr32/drivers/gpio/gpio.o
 .debug_loc     0x0000052e       0x89 src/ASF/avr32/drivers/intc/intc.o
 .debug_loc     0x000005b7       0x3d src/main.o

.debug_macinfo  0x00000000   0x584cb9
 *(.debug_macinfo)
 .debug_macinfo
                0x00000000   0x11bb08 src/ASF/common/services/clock/uc3a3_a4/sysclk.o
 .debug_macinfo
                0x0011bb08   0x11a85a src/ASF/avr32/boards/uc3_a3_xplained/init.o
 .debug_macinfo
                0x00236362   0x119581 src/ASF/avr32/drivers/gpio/gpio.o
 .debug_macinfo
                0x0034f8e3   0x11962e src/ASF/avr32/drivers/intc/intc.o
 .debug_macinfo
                0x00468f11   0x11bda8 src/main.o

.debug_weaknames
 *(.debug_weaknames)

.debug_funcnames
 *(.debug_funcnames)

.debug_typenames
 *(.debug_typenames)

.debug_varnames
 *(.debug_varnames)

.stack          0x0000f000     0x1000
                0x0000f000                _stack = .
 *(.stack)
                0x00001000                . = __stack_size__
 *fill*         0x0000f000     0x1000 
                0x00010000                _estack = .
                0xff000000                . = ORIGIN (HRAM0)

.data_hram0     0xff000000        0x0 load address 0x80002730
                0xff000000                PROVIDE (_data_hram0, .)
 *(.data_hram0)
                0xff000000                . = ALIGN (0x8)
                0xff000000                PROVIDE (_edata_hram0, .)
                0x80002730                PROVIDE (_data_hram0_lma, ABSOLUTE (LOADADDR (.data_hram0)))
                0xff000000                . = ALIGN (0x8)

.bss_hram0      0xff000000        0x0
                0xff000000                PROVIDE (__bss_hram0_start, .)
 *(.bss_hram0)
                0xff000000                PROVIDE (_bss_hram0_end, .)
                0xff008000                . = ORIGIN (HRAM1)

.data_hram1     0xff008000        0x0 load address 0x80002730
                0xff008000                PROVIDE (_data_hram1, .)
 *(.data_hram1)
                0xff008000                . = ALIGN (0x8)
                0xff008000                PROVIDE (_edata_hram1, .)
                0x80002730                PROVIDE (_data_hram1_lma, ABSOLUTE (LOADADDR (.data_hram1)))
                0xff008000                . = ALIGN (0x8)

.bss_hram1      0xff008000        0x0
                0xff008000                PROVIDE (__bss_hram1_start, .)
 *(.bss_hram1)
                0xff008000                PROVIDE (_bss_hram1_end, .)

.userpage
 *(.userpage .userpage.*)

/DISCARD/
 *(.note.GNU-stack)
OUTPUT(Blinking.elf elf32-avr32)

.debug_ranges   0x00000000      0x348
 .debug_ranges  0x00000000      0x138 src/ASF/common/services/clock/uc3a3_a4/sysclk.o
 .debug_ranges  0x00000138       0x18 src/ASF/avr32/boards/uc3_a3_xplained/init.o
 .debug_ranges  0x00000150      0x178 src/ASF/avr32/drivers/gpio/gpio.o
 .debug_ranges  0x000002c8       0x48 src/ASF/avr32/drivers/intc/intc.o
 .debug_ranges  0x00000310       0x20 src/ASF/avr32/utils/startup/startup_uc3.o
 .debug_ranges  0x00000330       0x18 src/main.o
